%!Adobe-FontList 1.11
%Locale:0x412

%BeginFont
Handler:DirectoryHandler
FontType:TrueType
FontName:H2gprM
FamilyName:HYGraphic-Medium
StyleName:Regular
FullName:HYGraphic-Medium
MenuName:HY그래픽M
StyleBits:0
FamilyNameNative:HY그래픽M
StyleNameNative:Regular
FullNameNative:HY그래픽M
WritingScript:Korean
OutlineFileName:D:\ptc\pro_stds\wf5\font\\H2GPRM.TTF
DataFormat:sfntData
FileLength:1081804
FileModTime:1035873628
WeightClass:400
WidthClass:5
AngleClass:0
%EndFont

%BeginFont
Handler:DirectoryHandler
FontType:TrueType
FontName:H2gsrB
FamilyName:HYGungSo-Bold
StyleName:Regular
FullName:HYGungSo-Bold
MenuName:HY궁서B
StyleBits:0
FamilyNameNative:HY궁서B
StyleNameNative:Regular
FullNameNative:HY궁서B
WritingScript:Korean
OutlineFileName:D:\ptc\pro_stds\wf5\font\\H2GSRB.TTF
DataFormat:sfntData
FileLength:4566140
FileModTime:1035873632
WeightClass:400
WidthClass:5
AngleClass:0
%EndFont

%BeginFont
Handler:DirectoryHandler
FontType:TrueType
FontName:H2gtrE
FamilyName:HYGothic-Extra
StyleName:Regular
FullName:HYGothic-Extra
MenuName:HY견고딕
StyleBits:0
FamilyNameNative:HY견고딕
StyleNameNative:Regular
FullNameNative:HY견고딕
WritingScript:Korean
OutlineFileName:D:\ptc\pro_stds\wf5\font\\H2GTRE.TTF
DataFormat:sfntData
FileLength:3485364
FileModTime:1035873636
WeightClass:400
WidthClass:5
AngleClass:0
%EndFont

%BeginFont
Handler:DirectoryHandler
FontType:TrueType
FontName:H2gtrM
FamilyName:HYGothic-Medium
StyleName:Regular
FullName:HYGothic-Medium
MenuName:HY중고딕
StyleBits:0
FamilyNameNative:HY중고딕
StyleNameNative:Regular
FullNameNative:HY중고딕
WritingScript:Korean
OutlineFileName:D:\ptc\pro_stds\wf5\font\\H2GTRM.TTF
DataFormat:sfntData
FileLength:3274536
FileModTime:1035873638
WeightClass:400
WidthClass:5
AngleClass:0
%EndFont

%BeginFont
Handler:DirectoryHandler
FontType:TrueType
FontName:H2hdrM
FamilyName:HYHeadLine-Medium
StyleName:Regular
FullName:HYHeadLine-Medium
MenuName:HY헤드라인M
StyleBits:0
FamilyNameNative:HY헤드라인M
StyleNameNative:Regular
FullNameNative:HY헤드라인M
WritingScript:Korean
OutlineFileName:D:\ptc\pro_stds\wf5\font\\H2HDRM.TTF
DataFormat:sfntData
FileLength:1169072
FileModTime:1035873642
WeightClass:400
WidthClass:5
AngleClass:0
%EndFont

%BeginFont
Handler:DirectoryHandler
FontType:TrueType
FontName:H2mjrE
FamilyName:HYMyeongJo-Extra
StyleName:Regular
FullName:HYMyeongJo-Extra
MenuName:HY견명조
StyleBits:0
FamilyNameNative:HY견명조
StyleNameNative:Regular
FullNameNative:HY견명조
WritingScript:Korean
OutlineFileName:D:\ptc\pro_stds\wf5\font\\H2MJRE.TTF
DataFormat:sfntData
FileLength:6367340
FileModTime:1035873646
WeightClass:400
WidthClass:5
AngleClass:0
%EndFont

%BeginFont
Handler:DirectoryHandler
FontType:TrueType
FontName:H2mjsM
FamilyName:HYSinMyeongJo-Medium
StyleName:Regular
FullName:HYSinMyeongJo-Medium
MenuName:HY신명조
StyleBits:0
FamilyNameNative:HY신명조
StyleNameNative:Regular
FullNameNative:HY신명조
WritingScript:Korean
OutlineFileName:D:\ptc\pro_stds\wf5\font\\H2MJSM.TTF
DataFormat:sfntData
FileLength:5410040
FileModTime:1035873652
WeightClass:400
WidthClass:5
AngleClass:0
%EndFont

%BeginFont
Handler:DirectoryHandler
FontType:TrueType
FontName:H2mkpB
FamilyName:HYPMokGak-Bold
StyleName:Regular
FullName:HYPMokGak-Bold
MenuName:HY목각파임B
StyleBits:0
FamilyNameNative:HY목각파임B
StyleNameNative:Regular
FullNameNative:HY목각파임B
WritingScript:Korean
OutlineFileName:D:\ptc\pro_stds\wf5\font\\H2MKPB.TTF
DataFormat:sfntData
FileLength:2098368
FileModTime:1035873654
WeightClass:400
WidthClass:5
AngleClass:0
%EndFont

%BeginFont
Handler:DirectoryHandler
FontType:TrueType
FontName:H2porL
FamilyName:HYPost-Light
StyleName:Regular
FullName:HYPost-Light
MenuName:HY엽서L
StyleBits:0
FamilyNameNative:HY엽서L
StyleNameNative:Regular
FullNameNative:HY엽서L
WritingScript:Korean
OutlineFileName:D:\ptc\pro_stds\wf5\font\\H2PORL.TTF
DataFormat:sfntData
FileLength:1360988
FileModTime:1035873658
WeightClass:400
WidthClass:5
AngleClass:0
%EndFont

%BeginFont
Handler:DirectoryHandler
FontType:TrueType
FontName:H2porM
FamilyName:HYPost-Medium
StyleName:Regular
FullName:HYPost-Medium
MenuName:HY엽서M
StyleBits:0
FamilyNameNative:HY엽서M
StyleNameNative:Regular
FullNameNative:HY엽서M
WritingScript:Korean
OutlineFileName:D:\ptc\pro_stds\wf5\font\\H2PORM.TTF
DataFormat:sfntData
FileLength:1346804
FileModTime:1035873660
WeightClass:400
WidthClass:5
AngleClass:0
%EndFont

%BeginFont
Handler:DirectoryHandler
FontType:TrueType
FontName:H2sa1M
FamilyName:HYShortSamul-Medium
StyleName:Regular
FullName:HYShortSamul-Medium
MenuName:HY얕은샘물M
StyleBits:0
FamilyNameNative:HY얕은샘물M
StyleNameNative:Regular
FullNameNative:HY얕은샘물M
WritingScript:Korean
OutlineFileName:D:\ptc\pro_stds\wf5\font\\H2SA1M.TTF
DataFormat:sfntData
FileLength:770624
FileModTime:1035873664
WeightClass:400
WidthClass:5
AngleClass:0
%EndFont

%BeginFont
Handler:DirectoryHandler
FontType:TrueType
FontName:HarlowSolid
FamilyName:Harlow Solid Italic
StyleName:Italic
FullName:Harlow Solid Italic
MenuName:Harlow Solid Italic
StyleBits:1
WritingScript:Roman
OutlineFileName:D:\ptc\pro_stds\wf5\font\\HARLOWSI.TTF
DataFormat:sfntData
FileLength:55060
FileModTime:939948954
WeightClass:400
WidthClass:6
AngleClass:0
%EndFont

%BeginFont
Handler:DirectoryHandler
FontType:TrueType
FontName:Harrington
FamilyName:Harrington
StyleName:Regular
FullName:Harrington
MenuName:Harrington
StyleBits:0
WritingScript:Roman
OutlineFileName:D:\ptc\pro_stds\wf5\font\\HARNGTON.TTF
DataFormat:sfntData
FileLength:70440
FileModTime:934946040
WeightClass:400
WidthClass:5
AngleClass:0
%EndFont

%BeginFont
Handler:DirectoryHandler
FontType:TrueType
FontName:YetR-HM
FamilyName:Yet R
StyleName:Regular
FullName:Yet R
MenuName:휴먼옛체
StyleBits:0
FamilyNameNative:휴먼옛체
StyleNameNative:Regular
FullNameNative:휴먼옛체
WritingScript:Korean
OutlineFileName:D:\ptc\pro_stds\wf5\font\\HMFMOLD.TTF
DataFormat:sfntData
FileLength:6121180
FileModTime:1035873670
WeightClass:400
WidthClass:5
AngleClass:0
%EndFont

%BeginFont
Handler:DirectoryHandler
FontType:TrueType
FontName:PyunjiR-HM
FamilyName:Pyunji R
StyleName:Regular
FullName:Pyunji R
MenuName:휴먼편지체
StyleBits:0
FamilyNameNative:휴먼편지체
StyleNameNative:Regular
FullNameNative:휴먼편지체
WritingScript:Korean
OutlineFileName:D:\ptc\pro_stds\wf5\font\\HMFMPYUN.TTF
DataFormat:sfntData
FileLength:2656496
FileModTime:1035873674
WeightClass:400
WidthClass:5
AngleClass:0
%EndFont

%BeginFont
Handler:DirectoryHandler
FontType:TrueType
FontName:AmiR-HM
FamilyName:Ami R
StyleName:Regular
FullName:Ami R
MenuName:휴먼아미체
StyleBits:0
FamilyNameNative:휴먼아미체
StyleNameNative:Regular
FullNameNative:휴먼아미체
WritingScript:Korean
OutlineFileName:D:\ptc\pro_stds\wf5\font\\HMKMAMI.TTF
DataFormat:sfntData
FileLength:631968
FileModTime:1035873676
WeightClass:400
WidthClass:5
AngleClass:0
%EndFont

%BeginFont
Handler:DirectoryHandler
FontType:TrueType
FontName:MagicR-HM
FamilyName:Magic R
StyleName:Regular
FullName:Magic R
MenuName:휴먼매직체
StyleBits:0
FamilyNameNative:휴먼매직체
StyleNameNative:Regular
FullNameNative:휴먼매직체
WritingScript:Korean
OutlineFileName:D:\ptc\pro_stds\wf5\font\\HMKMMAG.TTF
DataFormat:sfntData
FileLength:538848
FileModTime:1035873680
WeightClass:400
WidthClass:5
AngleClass:0
%EndFont

%BeginFont
Handler:DirectoryHandler
FontType:TrueType
FontName:HeadlineR-HM
FamilyName:Headline R
StyleName:Regular
FullName:Headline R
MenuName:휴먼둥근헤드라인
StyleBits:0
FamilyNameNative:휴먼둥근헤드라인
StyleNameNative:Regular
FullNameNative:휴먼둥근헤드라인
WritingScript:Korean
OutlineFileName:D:\ptc\pro_stds\wf5\font\\HMKMRHD.TTF
DataFormat:sfntData
FileLength:936816
FileModTime:1035873682
WeightClass:400
WidthClass:5
AngleClass:0
%EndFont

%BeginFont
Handler:DirectoryHandler
FontType:TrueType
FontName:HighTowerText-Reg
FamilyName:High Tower Text
StyleName:Regular
FullName:High Tower Text
MenuName:High Tower Text
StyleBits:0
WritingScript:Roman
OutlineFileName:D:\ptc\pro_stds\wf5\font\\HTOWERT.TTF
DataFormat:sfntData
FileLength:92736
FileModTime:900391336
WeightClass:400
WidthClass:5
AngleClass:0
%EndFont

%BeginFont
Handler:DirectoryHandler
FontType:TrueType
FontName:HighTowerText-Italic
FamilyName:High Tower Text
StyleName:Italic
FullName:High Tower Text Italic
MenuName:High Tower Text
StyleBits:1
WritingScript:Roman
OutlineFileName:D:\ptc\pro_stds\wf5\font\\HTOWERTI.TTF
DataFormat:sfntData
FileLength:74712
FileModTime:900391336
WeightClass:400
WidthClass:5
AngleClass:1
%EndFont

%BeginFont
Handler:DirectoryHandler
FontType:Invalid
OutlineFileName:D:\ptc\pro_stds\wf5\font\\norm_fonts.ndx
FileModTime:1254303815
%EndFont

